Maher@DESKTOP-N09PJ70 MINGW64 ~/Desktop/learn-git-again (master)
$ git init
Reinitialized existing Git repository in C:/Users/Maher/Desktop/learn-git-again/
.git/

Maher@DESKTOP-N09PJ70 MINGW64 ~/Desktop/learn-git-again (master)
$ git add third.txt
fatal: pathspec 'third.txt' did not match any files

Maher@DESKTOP-N09PJ70 MINGW64 ~/Desktop/learn-git-again (master)
$ git config --global user.name="Mouti3cha3beni"
error: invalid key: user.name=Mouti3cha3beni

Maher@DESKTOP-N09PJ70 MINGW64 ~/Desktop/learn-git-again (master)
$ git config --global user.name "Mouti3cha3beni"

Maher@DESKTOP-N09PJ70 MINGW64 ~/Desktop/learn-git-again (master)
$ git config --global user.email "Mouti3cha3beni@gmail.com"

Maher@DESKTOP-N09PJ70 MINGW64 ~/Desktop/learn-git-again (master)
$ touch third.txt

Maher@DESKTOP-N09PJ70 MINGW64 ~/Desktop/learn-git-again (master)
$ git add third.txt

Maher@DESKTOP-N09PJ70 MINGW64 ~/Desktop/learn-git-again (master)
$ git commit -m "adding third.txt"
[master (root-commit) a36e4f8] adding third.txt
 2 files changed, 0 insertions(+), 0 deletions(-)
 create mode 100644 moutie
 create mode 100644 third.txt

Maher@DESKTOP-N09PJ70 MINGW64 ~/Desktop/learn-git-again (master)
$ git log
commit a36e4f85f73f8753ad054095ac4458ce41492f68 (HEAD -> master)
Author: Mouti3cha3beni <Mouti3cha3beni@gmail.com>
Date:   Thu Feb 25 12:41:03 2021 +0100

    adding third.txt

Maher@DESKTOP-N09PJ70 MINGW64 ~/Desktop/learn-git-again (master)
$ touch forth.txt

Maher@DESKTOP-N09PJ70 MINGW64 ~/Desktop/learn-git-again (master)
$ git commit -m "adding forth.txt"
On branch master
Changes not staged for commit:
  (use "git add/rm <file>..." to update what will be committed)
  (use "git restore <file>..." to discard changes in working directory)
        deleted:    moutie

Untracked files:
  (use "git add <file>..." to include in what will be committed)
        forth.txt

no changes added to commit (use "git add" and/or "git commit -a")

Maher@DESKTOP-N09PJ70 MINGW64 ~/Desktop/learn-git-again (master)
$ git add fourth.txt
fatal: pathspec 'fourth.txt' did not match any files

Maher@DESKTOP-N09PJ70 MINGW64 ~/Desktop/learn-git-again (master)
$ git add forth.txt

Maher@DESKTOP-N09PJ70 MINGW64 ~/Desktop/learn-git-again (master)
$ git commit -m "adding forth.txt"
[master 3925eae] adding forth.txt
 1 file changed, 0 insertions(+), 0 deletions(-)
 create mode 100644 forth.txt

Maher@DESKTOP-N09PJ70 MINGW64 ~/Desktop/learn-git-again (master)
$ git config
usage: git config [<options>]

Config file location
    --global              use global config file
    --system              use system config file
    --local               use repository config file
    --worktree            use per-worktree config file
    -f, --file <file>     use given config file
    --blob <blob-id>      read config from given blob object

Action
    --get                 get value: name [value-pattern]
    --get-all             get all values: key [value-pattern]
    --get-regexp          get values for regexp: name-regex [value-pattern]
    --get-urlmatch        get value specific for the URL: section[.var] URL
    --replace-all         replace all matching variables: name value [value-patt
ern]
    --add                 add a new variable: name value
    --unset               remove a variable: name [value-pattern]
    --unset-all           remove all matches: name [value-pattern]
    --rename-section      rename section: old-name new-name
    --remove-section      remove a section: name
    -l, --list            list all
    --fixed-value         use string equality when comparing values to 'value-pa
ttern'
    -e, --edit            open an editor
    --get-color           find the color configured: slot [default]
    --get-colorbool       find the color setting: slot [stdout-is-tty]

Type
    -t, --type <>         value is given this type
    --bool                value is "true" or "false"
    --int                 value is decimal number
    --bool-or-int         value is --bool or --int
    --bool-or-str         value is --bool or string
    --path                value is a path (file or directory name)
    --expiry-date         value is an expiry date

Other
    -z, --null            terminate values with NUL byte
    --name-only           show variable names only
    --includes            respect include directives on lookup
    --show-origin         show origin of config (file, standard input, blob, com
mand line)
    --show-scope          show scope of config (worktree, local, global, system,
 command)
    --default <value>     with --get, use default value when missing entry


Maher@DESKTOP-N09PJ70 MINGW64 ~/Desktop/learn-git-again (master)
$ git rm--cached[third.txt]
git: 'rm--cached[third.txt]' is not a git command. See 'git --help'.

Maher@DESKTOP-N09PJ70 MINGW64 ~/Desktop/learn-git-again (master)
$ git rm-cached[third.txt]
git: 'rm-cached[third.txt]' is not a git command. See 'git --help'.

Maher@DESKTOP-N09PJ70 MINGW64 ~/Desktop/learn-git-again (master)
$ git status
On branch master
Changes not staged for commit:
  (use "git add/rm <file>..." to update what will be committed)
  (use "git restore <file>..." to discard changes in working directory)
        deleted:    moutie

no changes added to commit (use "git add" and/or "git commit -a")

Maher@DESKTOP-N09PJ70 MINGW64 ~/Desktop/learn-git-again (master)
$ git rm --cached[third.txt]
error: unknown option `cached[third.txt]'
usage: git rm [<options>] [--] <file>...

    -n, --dry-run         dry run
    -q, --quiet           do not list removed files
    --cached              only remove from the index
    -f, --force           override the up-to-date check
    -r                    allow recursive removal
    --ignore-unmatch      exit with a zero status even if nothing matched
    --pathspec-from-file <file>
                          read pathspec from file
    --pathspec-file-nul   with --pathspec-from-file, pathspec elements are separ
ated with NUL character


Maher@DESKTOP-N09PJ70 MINGW64 ~/Desktop/learn-git-again (master)
$

Maher@DESKTOP-N09PJ70 MINGW64 ~/Desktop/learn-git-again (master)
$

Maher@DESKTOP-N09PJ70 MINGW64 ~/Desktop/learn-git-again (master)
$

Maher@DESKTOP-N09PJ70 MINGW64 ~/Desktop/learn-git-again (master)
$

Maher@DESKTOP-N09PJ70 MINGW64 ~/Desktop/learn-git-again (master)
$ echo "# CheckPoint-DOM" >> README.md
git branch -M main
git remote add origin https://github.com/Mouti3cha3beni/CheckPoint-DOM.git
git push -u origin main
Maher@DESKTOP-N09PJ70 MINGW64 ~/Desktop/learn-git-again (master)
$ git init
Reinitialized existing Git repository in C:/Users/Maher/Desktop/learn-git-again/
.git/

Maher@DESKTOP-N09PJ70 MINGW64 ~/Desktop/learn-git-again (master)
$ git add README.md
warning: LF will be replaced by CRLF in README.md.
The file will have its original line endings in your working directory

Maher@DESKTOP-N09PJ70 MINGW64 ~/Desktop/learn-git-again (master)
$ git commit -m "first commit"
[master 53779b8] first commit
 1 file changed, 1 insertion(+)
 create mode 100644 README.md

Maher@DESKTOP-N09PJ70 MINGW64 ~/Desktop/learn-git-again (master)
$ git branch -M main

Maher@DESKTOP-N09PJ70 MINGW64 ~/Desktop/learn-git-again (main)
$ git remote add origin https://github.com/Mouti3cha3beni/CheckPoint-DOM.git

Maher@DESKTOP-N09PJ70 MINGW64 ~/Desktop/learn-git-again (main)
$ echo "# learn-git-again"
# learn-git-again

Maher@DESKTOP-N09PJ70 MINGW64 ~/Desktop/learn-git-again (main)
$ git init
Reinitialized existing Git repository in C:/Users/Maher/Desktop/learn-git-again/
.git/

Maher@DESKTOP-N09PJ70 MINGW64 ~/Desktop/learn-git-again (main)
$ git add README.MD

Maher@DESKTOP-N09PJ70 MINGW64 ~/Desktop/learn-git-again (main)
$ git commit - m "first commit"


Maher@DESKTOP-N09PJ70 MINGW64 ~/Desktop/learn-git-again (main)
$ git branch -m main

Maher@DESKTOP-N09PJ70 MINGW64 ~/Desktop/learn-git-again (main)
$

Maher@DESKTOP-N09PJ70 MINGW64 ~/Desktop/learn-git-again (main)
$ git remote add origin http://github.com/Mouti3cha3beni/learn-git-again
error: remote origin already exists.

Maher@DESKTOP-N09PJ70 MINGW64 ~/Desktop/learn-git-again (main)
$
